node : ÔÜá´©Å No se pudo cargar avatar.js: Invalid or unexpected token
En línea: 1 Carácter: 53
+ ... ers\aitor\Downloads\bot Command Handler" ; node index.js 2>&1 | Tee-O ...
+                                                ~~~~~~~~~~~~~~~~~~
    + CategoryInfo          : NotSpecified: (ÔÜá´©Å No se pu...nexpected token 
   :String) [], RemoteException
    + FullyQualifiedErrorId : NativeCommandError
 
ÔÜá´©Å No se pudo cargar ban.js: Invalid or unexpected token
ÔÜá´©Å No se pudo cargar clear.js: Invalid or unexpected token
ÔÜá´©Å No se pudo cargar dm.js: Invalid or unexpected token
ÔÜá´©Å No se pudo cargar game.js: Invalid or unexpected token
ÔÜá´©Å No se pudo cargar kick.js: Invalid or unexpected token
Ô£à Comando cargado: list-bans
Ô£à Comando cargado: lock
Ô£à Comando cargado: nuke
Ô£à Comando cargado: ping
Ô£à Comando cargado: poll
Ô£à Comando cargado: say
Ô£à Comando cargado: server
Ô£à Comando cargado: slowmode-off
Ô£à Comando cargado: slowmode
Ô£à Comando cargado: unban
Ô£à Comando cargado: userinfo
Ô£à Comando cargado: warn
­ƒôª Total de comandos validos cargados: 12
­ƒÜÇ ┬íBot en l├¡nea! Autenticado como COMd#2649
No se encontr├│ el comando dm
No se encontr├│ el comando dm
DiscordAPIError[40060]: Interaction has already been acknowledged.
    at handleErrors (C:\Users\aitor\Downloads\bot Command 
Handler\node_modules\@discordjs\rest\dist\index.js:762:13)
    at process.processTicksAndRejections 
(node:internal/process/task_queues:103:5)
    at async BurstHandler.runRequest (C:\Users\aitor\Downloads\bot Command 
Handler\node_modules\@discordjs\rest\dist\index.js:866:23)
    at async _REST.request (C:\Users\aitor\Downloads\bot Command 
Handler\node_modules\@discordjs\rest\dist\index.js:1307:22)
    at async ChatInputCommandInteraction.reply (C:\Users\aitor\Downloads\bot 
Command Handler\node_modules\discord.js\src\structures\interfaces\InteractionRe
sponses.js:193:22)
    at async Object.execute (C:\Users\aitor\Downloads\bot Command 
Handler\commands\commands\warn.js:47:13)
    at async Client.<anonymous> (C:\Users\aitor\Downloads\bot Command 
Handler\index.js:67:9) {
  requestBody: { files: [], json: { type: 4, data: [Object] } },
  rawError: {
    message: 'Interaction has already been acknowledged.',
    code: 40060
  },
  code: 40060,
  status: 400,
  method: 'POST',
  url: 'https://discord.com/api/v10/interactions/1471528627949666414/aW50ZXJhY3
Rpb246MTQ3MTUyODYyNzk0OTY2NjQxNDpoUzR6NHNFSXpDc05KOFJ5MG1aTWZweXF6SXQ2VTdJNXQza
jdQR3RHcTZCUU8wZTB6cVcxRzJaTDBycjlqQ2lpVUk2Zlp3a0FqaEhLVlZiSlVocFpRa29UbjRlZUZV
RldwUlo0WjBySUFKbFFjY2l0TlMyWGhOd3V2WXU2ZHFoSQ/callback?with_response=false'
}
(node:21756) Warning: Supplying "ephemeral" for interaction response options 
is deprecated. Utilize flags instead.
(Use `node --trace-warnings ...` to show where the warning was created)
node:events:486
      throw er; // Unhandled 'error' event
      ^

DiscordAPIError[40060]: Interaction has already been acknowledged.
    at handleErrors (C:\Users\aitor\Downloads\bot Command 
Handler\node_modules\@discordjs\rest\dist\index.js:762:13)
    at process.processTicksAndRejections 
(node:internal/process/task_queues:103:5)
    at async BurstHandler.runRequest (C:\Users\aitor\Downloads\bot Command 
Handler\node_modules\@discordjs\rest\dist\index.js:866:23)
    at async _REST.request (C:\Users\aitor\Downloads\bot Command 
Handler\node_modules\@discordjs\rest\dist\index.js:1307:22)
    at async ChatInputCommandInteraction.reply (C:\Users\aitor\Downloads\bot 
Command Handler\node_modules\discord.js\src\structures\interfaces\InteractionRe
sponses.js:193:22)
    at async Client.<anonymous> (C:\Users\aitor\Downloads\bot Command 
Handler\index.js:73:13)
Emitted 'error' event on Client instance at:
    at emitUnhandledRejectionOrErr (node:events:391:10)
    at process.processTicksAndRejections 
(node:internal/process/task_queues:91:21) {
  requestBody: {
    files: [],
    json: {
      type: 4,
      data: {
        content: 'ÔØî Hubo un error al ejecutar este comando.',
        tts: false,
        nonce: undefined,
        enforce_nonce: false,
        embeds: undefined,
        components: undefined,
        username: undefined,
        avatar_url: undefined,
        allowed_mentions: undefined,
        flags: 64,
        message_reference: undefined,
        attachments: undefined,
        sticker_ids: undefined,
        thread_name: undefined,
        applied_tags: undefined,
        poll: undefined
      }
    }
  },
  rawError: {
    message: 'Interaction has already been acknowledged.',
    code: 40060
  },
  code: 40060,
  status: 400,
  method: 'POST',
  url: 'https://discord.com/api/v10/interactions/1471528627949666414/aW50ZXJhY3
Rpb246MTQ3MTUyODYyNzk0OTY2NjQxNDpoUzR6NHNFSXpDc05KOFJ5MG1aTWZweXF6SXQ2VTdJNXQza
jdQR3RHcTZCUU8wZTB6cVcxRzJaTDBycjlqQ2lpVUk2Zlp3a0FqaEhLVlZiSlVocFpRa29UbjRlZUZV
RldwUlo0WjBySUFKbFFjY2l0TlMyWGhOd3V2WXU2ZHFoSQ/callback?with_response=false'
}

Node.js v24.13.1
